// Jest Snapshot v1, https://goo.gl/fbAQLP

exports[`Button Element Test Test render correctly 1`] = `
<button
  onClick={[MockFunction]}
  type="button"
>
  Button
</button>
`;
