// Jest Snapshot v1, https://goo.gl/fbAQLP

exports[`Radio Group Test Test render correctly 1`] = `
<div
  className="className"
>
  <input
    id="id_1"
    name="name_1"
    onChange={[MockFunction]}
    type="radio"
    value={0}
  />
  <label
    htmlFor="id_1"
  >
    label_1
  </label>
  <input
    id="id_2"
    name="name_2"
    onChange={[MockFunction]}
    type="radio"
    value={1}
  />
  <label
    htmlFor="id_2"
  >
    label_2
  </label>
</div>
`;
