// Jest Snapshot v1, https://goo.gl/fbAQLP

exports[`Radio Element Test Test render correctly 1`] = `
Array [
  <input
    id="id"
    name="name"
    onClick={[Function]}
    type="radio"
    value={0}
  />,
  <label
    htmlFor="id"
  >
    label
  </label>,
]
`;
